###############################################################################
#
# IAR ELF Linker V9.10.2.313/W64 for ARM                  23/Jul/2021  21:03:16
# Copyright 2007-2021 IAR Systems AB.
#
#    Output file  =
#        E:\Faculdade\Microcontroladores\Pratica\Praticas\Laboratorio_04\gpio_int\Debug\Exe\gpio_int.out
#    Map file     =
#        E:\Faculdade\Microcontroladores\Pratica\Praticas\Laboratorio_04\gpio_int\Debug\List\gpio_int.map
#    Command line =
#        -f
#        E:\Faculdade\Microcontroladores\Pratica\Praticas\Laboratorio_04\gpio_int\Debug\Exe\gpio_int.out.rsp
#        (E:\Faculdade\Microcontroladores\Pratica\Praticas\Laboratorio_04\gpio_int\Debug\Obj\gpio_int.o
#        E:\Faculdade\Microcontroladores\Pratica\Praticas\Laboratorio_04\gpio_int\Debug\Obj\startup_TM4C129E.o
#        --no_out_extension -o
#        E:\Faculdade\Microcontroladores\Pratica\Praticas\Laboratorio_04\gpio_int\Debug\Exe\gpio_int.out
#        --redirect _Printf=_PrintfFullNoMb --redirect _Scanf=_ScanfFullNoMb
#        --map
#        E:\Faculdade\Microcontroladores\Pratica\Praticas\Laboratorio_04\gpio_int\Debug\List\gpio_int.map
#        --config "C:\Program Files\IAR Systems\Embedded Workbench
#        9.0\arm\config\linker\TexasInstruments\TM4C129ENC.icf" --semihosting
#        --no_library_search --entry __iar_program_start --vfe --text_out
#        locale)
#
###############################################################################

*******************************************************************************
*** PLACEMENT SUMMARY
***

"A0":  place at address 0x0 { ro section .intvec };
"P1":  place in [from 0x0 to 0xf'ffff] { ro };
define block CSTACK with size = 32K, alignment = 8 { };
define block HEAP with size = 64K, alignment = 8 { };
"P2":  place in [from 0x2000'0000 to 0x2003'ffff] {
          rw, block CSTACK, block HEAP };

No sections matched the following patterns:

  rw  in "P2"


  Section   Kind         Address    Size  Object
  -------   ----         -------    ----  ------
"A0":                              0x3c0
  .intvec   ro code          0x0   0x3c0  startup_TM4C129E.o [1]
                         - 0x3c0   0x3c0

"P1":                              0x20e
  .text     ro code        0x3c0   0x20c  gpio_int.o [1]
  .text     ro code        0x5cc     0x2  startup_TM4C129E.o [1]
                         - 0x5ce   0x20e

"P2":                             0x8000
  CSTACK             0x2000'0000  0x8000  <Block>
    CSTACK  uninit   0x2000'0000  0x8000  <Block tail>
                   - 0x2000'8000  0x8000

Unused ranges:

         From           To      Size
         ----           --      ----
        0x5ce     0xf'ffff  0xf'fa32
  0x2000'8000  0x2003'ffff  0x3'8000



*******************************************************************************
*** MODULE SUMMARY
***

    Module              ro code  rw data
    ------              -------  -------
command line/config:
    ------------------------------------
    Total:

E:\Faculdade\Microcontroladores\Pratica\Praticas\Laboratorio_04\gpio_int\Debug\Obj: [1]
    gpio_int.o              524
    startup_TM4C129E.o      962
    ------------------------------------
    Total:                1'486

    Linker created                32'768
----------------------------------------
    Grand Total:          1'486   32'768


*******************************************************************************
*** ENTRY LIST
***

Entry                     Address  Size  Type      Object
-----                     -------  ----  ----      ------
CSTACK$$Base          0x2000'0000         --   Gb  - Linker created -
CSTACK$$Limit         0x2000'8000         --   Gb  - Linker created -
GPIOJ_Handler               0x3c1        Code  Gb  gpio_int.o [1]
__Vectors                     0x0         --   Gb  startup_TM4C129E.o [1]
__Vectors_End               0x3c0        Data  Gb  startup_TM4C129E.o [1]
__Vectors_Size {Abs}        0x3c0         --   Gb  startup_TM4C129E.o [1]
__iar_program_start         0x3e3        Code  Gb  gpio_int.o [1]
__vector_table                0x0        Data  Gb  startup_TM4C129E.o [1]
__vector_table_0x1c          0x1c        Data  Gb  startup_TM4C129E.o [1]


[1] = E:\Faculdade\Microcontroladores\Pratica\Praticas\Laboratorio_04\gpio_int\Debug\Obj

   1'486 bytes of readonly  code memory
  32'768 bytes of readwrite data memory

Errors: none
Warnings: none
